******************************************************************************
                  TI ARM Linker Unix v5.2.6                    
******************************************************************************
>> Linked Sat Jan 16 20:45:46 2016

OUTPUT FILE NAME:   <lphw.out>
ENTRY POINT SYMBOL: "_c_int00"  address: 000026f1


MEMORY CONFIGURATION

         name            origin    length      used     unused   attr    fill
----------------------  --------  ---------  --------  --------  ----  --------
  FLASH                 00000000   00040000  00003a9e  0003c562  R  X
  SRAM                  20000000   00008000  00000860  000077a0  RW X


SEGMENT ALLOCATION MAP

run origin  load origin   length   init length attrs members
----------  ----------- ---------- ----------- ----- -------
00000000    00000000    00003aa0   00003aa0    r-x
  00000000    00000000    0000026c   0000026c    r-- .intvecs
  0000026c    0000026c    00003396   00003396    r-x .text
  00003604    00003604    0000041c   0000041c    r-- .const
  00003a20    00003a20    00000080   00000080    r-- .cinit
20000000    20000000    00000860   00000000    rw-
  20000000    20000000    000005f0   00000000    rw- .bss
  200005f0    200005f0    00000200   00000000    rw- .stack
  200007f0    200007f0    00000068   00000000    rw- .data
  20000858    20000858    00000008   00000000    rw- .sysmem


SECTION ALLOCATION MAP

 output                                  attributes/
section   page    origin      length       input sections
--------  ----  ----------  ----------   ----------------
.intvecs   0    00000000    0000026c     
                  00000000    0000026c     tm4c123gh6pm_startup_ccs.obj (.intvecs)

.text      0    0000026c    00003396     
                  0000026c    000005e0     uart.obj (.text)
                  0000084c    000003dc     rtsv7M4_T_le_v4SPD16_eabi.lib : memory.obj (.text)
                  00000c28    00000160     usblib.lib : usbdma.obj (.text:USBLibDMAInit)
                  00000d88    00000150                : usbdenum.obj (.text:USBDCDInit)
                  00000ed8    00000150                : usbdenum.obj (.text:USBDEP0StateTxConfig)
                  00001028    00000150                : usbdenum.obj (.text:USBDeviceIntHandlerInternal)
                  00001178    00000148                : usbdconfig.obj (.text:USBDeviceConfig)
                  000012c0    00000132     driverlib.lib : gpio.obj (.text:GPIOPadConfigSet)
                  000013f2    00000002     usblib.lib : usbdma.obj (.text:iDMAUSBArbSizeSet)
                  000013f4    000000f4     driverlib.lib : sysctl.obj (.text:SysCtlClockSet)
                  000014e8    000000f4     usblib.lib : usbdma.obj (.text:iDMAUSBTransfer)
                  000015dc    000000e8     usb.obj (.text)
                  000016c4    000000e4     usblib.lib : usbdenum.obj (.text:USBDGetDescriptor)
                  000017a8    000000d8                : usbdenum.obj (.text:USBDeviceEnumHandler)
                  00001880    000000c4                : usbdma.obj (.text:uDMAUSBChannelAllocate)
                  00001944    000000bc     rtsv7M4_T_le_v4SPD16_eabi.lib : typeinfo_.obj (.text)
                  00001a00    000000bc     usblib.lib : usbdma.obj (.text:uDMAUSBTransfer)
                  00001abc    0000009c     rtsv7M4_T_le_v4SPD16_eabi.lib : memcpy_t2.obj (.text)
                  00001b58    00000098     usblib.lib : usbdenum.obj (.text:USBDSetInterface)
                  00001bf0    00000090                : usbdenum.obj (.text:USBDSetConfiguration)
                  00001c80    0000008c                : usbdconfig.obj (.text:USBDeviceConfigAlternate)
                  00001d0c    00000084                : usbdma.obj (.text:iDMAUSBChannelAllocate)
                  00001d90    00000084     driverlib.lib : udma.obj (.text:uDMAChannelTransferSet)
                  00001e14    00000080     usblib.lib : usbdenum.obj (.text:USBDClearFeature)
                  00001e94    0000007a     driverlib.lib : usb.obj (.text:USBDevEndpointConfigSet)
                  00001f0e    0000007a     rtsv7M4_T_le_v4SPD16_eabi.lib : memset_t2.obj (.text)
                  00001f88    00000078     usblib.lib : usbdenum.obj (.text:USBDGetStatus)
                  00002000    00000070                : usbdenum.obj (.text:USBDEP0StateTx)
                  00002070    00000070                : usbdma.obj (.text:uDMAUSBArbSizeSet)
                  000020e0    00000070                : usbdma.obj (.text:uDMAUSBUnitSizeSet)
                  00002150    0000006c                : usbdenum.obj (.text:USBDSetFeature)
                  000021bc    0000006c     main.obj (.text)
                  00002228    0000006c     rtsv7M4_T_le_v4SPD16_eabi.lib : autoinit.obj (.text)
                  00002294    0000006a                                   : copy_decompress_rle.obj (.text)
                  000022fe    00000002     usblib.lib : usbdma.obj (.text:iDMAUSBUnitSizeSet)
                  00002300    00000068     driverlib.lib : interrupt.obj (.text:IntDisable)
                  00002368    00000068                   : interrupt.obj (.text:IntEnable)
                  000023d0    00000064                   : interrupt.obj (.text:IntIsEnabled)
                  00002434    00000064     usblib.lib : usbdma.obj (.text:uDMAUSBChannelEnable)
                  00002498    00000060                : usbdenum.obj (.text:USBDReadAndDispatchRequest)
                  000024f8    0000005e     driverlib.lib : usb.obj (.text:USBDevEndpointStatusClear)
                  00002556    00000056     usblib.lib : usbdma.obj (.text:uDMAUSBChannelRelease)
                  000025ac    00000052                : usbulpi.obj (.text:ULPIConfigSet)
                  000025fe    00000002     rtsv7M4_T_le_v4SPD16_eabi.lib : i_div0.obj (.text)
                  00002600    00000050     driverlib.lib : sysctl.obj (.text:SysCtlPeripheralReset)
                  00002650    00000050     usblib.lib : usbdcdesc.obj (.text:USBDCDConfigDescGet)
                  000026a0    00000050                : usbdenum.obj (.text:USBDeviceResumeTickHandler)
                  000026f0    00000050     rtsv7M4_T_le_v4SPD16_eabi.lib : boot.obj (.text)
                  00002740    0000004c     usblib.lib : usbdconfig.obj (.text:GetEPDescriptorType)
                  0000278c    0000004c                : usbdenum.obj (.text:USBDStringIndexFromRequest)
                  000027d8    0000004c     driverlib.lib : usb.obj (.text:USBEndpointDMAConfigSet)
                  00002824    0000004c     usblib.lib : usbdma.obj (.text:iDMAUSBChannelEnable)
                  00002870    0000004c     rtsv7M4_T_le_v4SPD16_eabi.lib : cpy_tbl.obj (.text)
                  000028bc    0000004a     usblib.lib : usbdcdesc.obj (.text:ConfigAlternateInterfaceGet)
                  00002906    0000004a     driverlib.lib : usb.obj (.text:USBDevEndpointStallClear)
                  00002950    0000004a     usblib.lib : usbdma.obj (.text:uDMAUSBChannelDisable)
                  0000299a    00000002                : usbdma.obj (.text:uDMAUSBChannelIntDisable)
                  0000299c    00000048     driverlib.lib : gpio.obj (.text:GPIOPinConfigure)
                  000029e4    00000048     usblib.lib : usbdenum.obj (.text:USBDeviceEnumResetHandler)
                  00002a2c    00000048     driverlib.lib : udma.obj (.text:uDMAChannelAttributeDisable)
                  00002a74    00000046                   : uart.obj (.text:UARTConfigSetExpClk)
                  00002aba    00000046                   : usb.obj (.text:USBEndpointDataGet)
                  00002b00    00000044     usblib.lib : usbdenum.obj (.text:USBDCDDeviceInfoInit)
                  00002b44    00000044                : usbdenum.obj (.text:USBDGetInterface)
                  00002b88    00000044     rtsv7M4_T_le_v4SPD16_eabi.lib : exit.obj (.text)
                  00002bcc    00000040                                   : u_divt2.obj (.text)
                  00002c0c    0000003c     usblib.lib : usbdma.obj (.text:iDMAUSBChannelRelease)
                  00002c48    0000003a     driverlib.lib : usb.obj (.text:USBFIFOConfigSet)
                  00002c82    00000002     usblib.lib : usbdma.obj (.text:uDMAUSBChannelIntEnable)
                  00002c84    00000038                : usbtick.obj (.text:InternalUSBStartOfFrameTick)
                  00002cbc    00000038     driverlib.lib : sysctl.obj (.text:SysCtlPeripheralPresent)
                  00002cf4    00000038     usblib.lib : usbdcdesc.obj (.text:USBDCDConfigGetInterfaceEndpoint)
                  00002d2c    00000038     driverlib.lib : usb.obj (.text:USBIntStatusControl)
                  00002d64    00000036                   : usb.obj (.text:USBEndpointDataPut)
                  00002d9a    00000002     --HOLE-- [fill = 0]
                  00002d9c    00000034                   : sysctl.obj (.text:SysCtlPeripheralEnable)
                  00002dd0    00000034                   : usb.obj (.text:USBEndpointDataSend)
                  00002e04    00000034     usblib.lib : usbdma.obj (.text:iDMAUSBChannelStatus)
                  00002e38    00000032                : usbdcdesc.obj (.text:NextConfigDescGet)
                  00002e6a    00000032     driverlib.lib : usb.obj (.text:USBDevEndpointStall)
                  00002e9c    00000032     usblib.lib : usbdma.obj (.text:iDMAUSBChannelDisable)
                  00002ece    00000030                : usbdma.obj (.text:DMAUSBIntHandler)
                  00002efe    00000002     --HOLE-- [fill = 0]
                  00002f00    00000030                : usbtick.obj (.text:InternalUSBTickInit)
                  00002f30    00000030                : usbdenum.obj (.text:USBDGetConfiguration)
                  00002f60    0000002c                : usbdesc.obj (.text:USBDescGet)
                  00002f8c    0000002c                : usbdma.obj (.text:uDMAUSBIntStatus)
                  00002fb8    0000002a     driverlib.lib : gpio.obj (.text:GPIODirModeSet)
                  00002fe2    0000002a     usblib.lib : usbdcdesc.obj (.text:USBDCDConfigDescGetNum)
                  0000300c    0000002a                : usbdesc.obj (.text:USBDescGetNum)
                  00003036    0000002a     driverlib.lib : usb.obj (.text:USBDevEndpointDataAck)
                  00003060    00000028     usblib.lib : usbdenum.obj (.text:USBDSetAddress)
                  00003088    00000028     driverlib.lib : usb.obj (.text:USBIntEnableControl)
                  000030b0    00000028                   : udma.obj (.text:uDMAChannelModeGet)
                  000030d8    00000024                   : usb.obj (.text:USBEndpointDMADisable)
                  000030fc    00000024                   : usb.obj (.text:USBEndpointDMAEnable)
                  00003120    00000024     usblib.lib : usbmode.obj (.text:USBStackModeSet)
                  00003144    00000024     driverlib.lib : udma.obj (.text:uDMAChannelControlSet)
                  00003168    00000022     usblib.lib : usbdma.obj (.text:uDMAUSBChannelStatus)
                  0000318a    00000020                : usbdconfig.obj (.text:GetEndpointFIFOSize)
                  000031aa    00000002     --HOLE-- [fill = 0]
                  000031ac    00000020     driverlib.lib : uart.obj (.text:UARTDisable)
                  000031cc    0000001e                   : usb.obj (.text:USBULPIRegRead)
                  000031ea    0000001e                   : usb.obj (.text:USBULPIRegWrite)
                  00003208    0000001c                   : sysctl.obj (.text:SysCtlGPIOAHBEnable)
                  00003224    0000001c     usblib.lib : usbdcdesc.obj (.text:USBDCDConfigGetInterface)
                  00003240    0000001c                : usbdenum.obj (.text:USBDCDStallEP0)
                  0000325c    0000001a                : usbdcdesc.obj (.text:USBDCDConfigDescGetSize)
                  00003276    0000001a     driverlib.lib : usb.obj (.text:USBEndpointDMAChannel)
                  00003290    00000018                   : gpio.obj (.text:GPIOPinTypeGPIOOutput)
                  000032a8    00000018     usblib.lib : usbdhandler.obj (.text:USB0DeviceIntHandler)
                  000032c0    00000018                : usbdenum.obj (.text:USBDSetDescriptor)
                  000032d8    00000018                : usbdenum.obj (.text:USBDSyncFrame)
                  000032f0    00000018     rtsv7M4_T_le_v4SPD16_eabi.lib : args_main.obj (.text)
                  00003308    00000018     driverlib.lib : udma.obj (.text:uDMAChannelDisable)
                  00003320    00000018                   : udma.obj (.text:uDMAChannelEnable)
                  00003338    00000016                   : usb.obj (.text:USBIntEnableEndpoint)
                  0000334e    00000002     --HOLE-- [fill = 0]
                  00003350    00000014                   : sysctl.obj (.text:SysCtlUSBPLLEnable)
                  00003364    00000014                   : uart.obj (.text:UARTEnable)
                  00003378    00000014                   : usb.obj (.text:USBDMAChannelConfigSet)
                  0000338c    00000014                   : usb.obj (.text:USBHostResume)
                  000033a0    00000014                   : usb.obj (.text:_USBIndexWrite)
                  000033b4    00000014     rtsv7M4_T_le_v4SPD16_eabi.lib : _lock.obj (.text)
                  000033c8    00000012     driverlib.lib : gpio.obj (.text:GPIOPinTypeUART)
                  000033da    00000012                   : gpio.obj (.text:GPIOPinTypeUSBAnalog)
                  000033ec    00000012                   : usb.obj (.text:USBDMAChannelDisable)
                  000033fe    00000012                   : usb.obj (.text:USBDMAChannelEnable)
                  00003410    00000012                   : usb.obj (.text:USBDMAChannelIntDisable)
                  00003422    00000012                   : usb.obj (.text:USBDMAChannelIntEnable)
                  00003434    00000010                   : interrupt.obj (.text:IntMasterDisable)
                  00003444    00000010                   : interrupt.obj (.text:IntMasterEnable)
                  00003454    00000010                   : usb.obj (.text:USBEndpointStatus)
                  00003464    0000000e     usblib.lib : usbdma.obj (.text:DMAUSBIntStatusClear)
                  00003472    0000000e     driverlib.lib : uart.obj (.text:UARTCharPutNonBlocking)
                  00003480    0000000e                   : uart.obj (.text:UARTSpaceAvail)
                  0000348e    0000000e                   : usb.obj (.text:USBDMAChannelStatus)
                  0000349c    0000000e                   : usb.obj (.text:USBDevLPMDisable)
                  000034aa    0000000e                   : usb.obj (.text:USBDevLPMEnable)
                  000034b8    0000000e                   : usb.obj (.text:USBULPIDisable)
                  000034c6    0000000e                   : usb.obj (.text:USBULPIEnable)
                  000034d4    0000000e     rtsv7M4_T_le_v4SPD16_eabi.lib : copy_decompress_none.obj (.text:decompress:none)
                  000034e2    0000000c     driverlib.lib : cpu.obj (.text:CPUcpsid)
                  000034ee    0000000c                   : cpu.obj (.text:CPUcpsie)
                  000034fa    0000000c                   : usb.obj (.text:USBEndpointPacketCountSet)
                  00003506    0000000c                   : usb.obj (.text:USBLPMIntEnable)
                  00003512    0000000c     rtsv7M4_T_le_v4SPD16_eabi.lib : copy_zero_init.obj (.text:decompress:ZI)
                  0000351e    0000000c     tm4c123gh6pm_startup_ccs.obj (.text)
                  0000352a    0000000a     driverlib.lib : uart.obj (.text:UARTIntDisable)
                  00003534    0000000a                   : uart.obj (.text:UARTIntStatus)
                  0000353e    0000000a                   : usb.obj (.text:USBClockEnable)
                  00003548    0000000a                   : usb.obj (.text:USBControllerVersion)
                  00003552    0000000a                   : usb.obj (.text:USBDMAChannelAddressSet)
                  0000355c    0000000a                   : usb.obj (.text:USBDMAChannelCountSet)
                  00003566    0000000a                   : usb.obj (.text:USBDevConnect)
                  00003570    0000000a                   : usb.obj (.text:USBDevDisconnect)
                  0000357a    0000000a                   : usb.obj (.text:USBIntStatusEndpoint)
                  00003584    00000008                   : uart.obj (.text:UARTIntEnable)
                  0000358c    00000008                   : usb.obj (.text:USBDevMode)
                  00003594    00000008                   : usb.obj (.text:USBFIFOAddrGet)
                  0000359c    00000008                   : usb.obj (.text:USBOTGMode)
                  000035a4    00000008     usblib.lib : usbdma.obj (.text:iDMAUSBChannelIntDisable)
                  000035ac    00000008                : usbdma.obj (.text:iDMAUSBChannelIntEnable)
                  000035b4    00000008     rtsv7M4_T_le_v4SPD16_eabi.lib : delete.obj (.text)
                  000035bc    00000006     driverlib.lib : gpio.obj (.text:GPIOPinWrite)
                  000035c2    00000006                   : sysctl.obj (.text:SysCtlDelay)
                  000035c8    00000006                   : uart.obj (.text:UARTClockSourceSet)
                  000035ce    00000006                   : uart.obj (.text:UARTFIFOLevelSet)
                  000035d4    00000006                   : usb.obj (.text:USBDMAChannelIntStatus)
                  000035da    00000006                   : usb.obj (.text:USBDevLPMConfig)
                  000035e0    00000006                   : usb.obj (.text:USBLPMIntStatus)
                  000035e6    00000006     rtsv7M4_T_le_v4SPD16_eabi.lib : copy_decompress_rle.obj (.text:decompress:rle24)
                  000035ec    00000006     usblib.lib : usbdma.obj (.text:iDMAUSBIntStatus)
                  000035f2    00000004                : usbdma.obj (.text:DMAUSBStatus)
                  000035f6    00000004     driverlib.lib : uart.obj (.text:UARTIntClear)
                  000035fa    00000004                   : usb.obj (.text:USBDevAddrSet)
                  000035fe    00000004     rtsv7M4_T_le_v4SPD16_eabi.lib : pre_init.obj (.text)

.const     0    00003604    0000041c     
                  00003604    000000ac     usb.obj (.const:.string)
                  000036b0    00000090     driverlib.lib : gpio.obj (.const:g_pui32GPIOBaseAddrs)
                  00003740    00000070                   : interrupt.obj (.const)
                  000037b0    00000044     usb.obj (.const)
                  000037f4    00000034     usblib.lib : usbdenum.obj (.const:g_psUSBDStdRequests)
                  00003828    00000030     usb.obj (.const:_ZN4lphw13g_sXbHandlersE)
                  00003858    00000028     rtsv7M4_T_le_v4SPD16_eabi.lib : typeinfo_.obj (.const:.typeinfo:_ZTSN10__cxxabiv123__fundamental_type_infoE)
                  00003880    00000025                                   : typeinfo_.obj (.const:.typeinfo:_ZTSN10__cxxabiv120__si_class_type_infoE)
                  000038a5    00000024                                   : typeinfo_.obj (.const:.typeinfo:_ZTSN10__cxxabiv119__pointer_type_infoE)
                  000038c9    00000022                                   : typeinfo_.obj (.const:.typeinfo:_ZTSN10__cxxabiv117__class_type_infoE)
                  000038eb    00000022                                   : typeinfo_.obj (.const:.typeinfo:_ZTSN10__cxxabiv117__pbase_type_infoE)
                  0000390d    00000002                                   : typeinfo_.obj (.const:.typeinfo:_ZTSe)
                  0000390f    00000001     --HOLE-- [fill = 0]
                  00003910    00000012     uart.obj (.const:.string)
                  00003922    00000002     --HOLE-- [fill = 0]
                  00003924    00000010     rtsv7M4_T_le_v4SPD16_eabi.lib : typeinfo_.obj (.const:.typeinfo:_ZTIPKe)
                  00003934    00000010                                   : typeinfo_.obj (.const:_ZTVN10__cxxabiv117__class_type_infoE)
                  00003944    00000010                                   : typeinfo_.obj (.const:_ZTVN10__cxxabiv119__pointer_type_infoE)
                  00003954    00000010                                   : typeinfo_.obj (.const:_ZTVN10__cxxabiv120__si_class_type_infoE)
                  00003964    00000010                                   : typeinfo_.obj (.const:_ZTVN10__cxxabiv123__fundamental_type_infoE)
                  00003974    00000010     usb.obj (.const:_ZTVN4lphw3UsbE)
                  00003984    00000010     uart.obj (.const:_ZTVN4lphw4UartE)
                  00003994    0000000d     uart.obj (.const:.typeinfo:_ZTSN4lphw4UartE)
                  000039a1    0000000d     rtsv7M4_T_le_v4SPD16_eabi.lib : typeinfo_.obj (.const:.typeinfo:_ZTSSt9type_info)
                  000039ae    00000002     --HOLE-- [fill = 0]
                  000039b0    0000000c                                   : typeinfo_.obj (.const:.typeinfo:_ZTIN10__cxxabiv117__class_type_infoE)
                  000039bc    0000000c                                   : typeinfo_.obj (.const:.typeinfo:_ZTIN10__cxxabiv117__pbase_type_infoE)
                  000039c8    0000000c                                   : typeinfo_.obj (.const:.typeinfo:_ZTIN10__cxxabiv119__pointer_type_infoE)
                  000039d4    0000000c                                   : typeinfo_.obj (.const:.typeinfo:_ZTIN10__cxxabiv120__si_class_type_infoE)
                  000039e0    0000000c                                   : typeinfo_.obj (.const:.typeinfo:_ZTIN10__cxxabiv123__fundamental_type_infoE)
                  000039ec    0000000c     usb.obj (.const:.typeinfo:_ZTSN4lphw3UsbE)
                  000039f8    00000008     usb.obj (.const:.typeinfo:_ZTIN4lphw3UsbE)
                  00003a00    00000008     uart.obj (.const:.typeinfo:_ZTIN4lphw4UartE)
                  00003a08    00000008     rtsv7M4_T_le_v4SPD16_eabi.lib : typeinfo_.obj (.const:.typeinfo:_ZTISt9type_info)
                  00003a10    00000008                                   : typeinfo_.obj (.const:.typeinfo:_ZTIe)
                  00003a18    00000004                                   : typeinfo_.obj (.const:.typeinfo:_ZTSPKe)
                  00003a1c    00000004     uart.obj (.const)

.cinit     0    00003a20    00000080     
                  00003a20    00000058     (.cinit..data.load) [load image, compression = rle]
                  00003a78    0000000c     (__TI_handler_table)
                  00003a84    00000004     --HOLE-- [fill = 0]
                  00003a88    00000008     (.cinit..bss.load) [load image, compression = zero_init]
                  00003a90    00000010     (__TI_cinit_table)

.init_array 
*          0    00000000    00000000     UNINITIALIZED

.bss       0    20000000    000005f0     UNINITIALIZED
                  20000000    00000400     uart.obj (.bss:_ZN4lphw4Uart13m_pu8TxBufferE)
                  20000400    00000110     usblib.lib : usbdma.obj (.bss:g_psUSBDMAInst)
                  20000510    00000050                : usbdenum.obj (.bss:g_psDCDInst)
                  20000560    00000040                : usbdenum.obj (.bss:g_pui8DataBufferIn)
                  200005a0    00000018     (.common:g_pfnTickHandlers)
                  200005b8    00000018     (.common:g_pvTickInstance)
                  200005d0    00000004     (.common:_ZN4lphw4Uart13m_u8RxReadIdxE)
                  200005d4    00000004     (.common:_ZN4lphw4Uart13m_u8TxReadIdxE)
                  200005d8    00000004     (.common:_ZN4lphw4Uart14m_u8RxWriteIdxE)
                  200005dc    00000004     (.common:_ZN4lphw4Uart14m_u8TxWriteIdxE)
                  200005e0    00000004     (.common:_ZSt16__dummy_typeinfo)
                  200005e4    00000004     (.common:g_pfnUSBModeCallback)
                  200005e8    00000004     (.common:g_ppsDevInfo)
                  200005ec    00000004     (.common:g_ui32ULPISupport)

.TI.noinit 
*          0    20000000    00000000     UNINITIALIZED

.stack     0    200005f0    00000200     UNINITIALIZED
                  200005f0    00000200     --HOLE--

.data      0    200007f0    00000068     UNINITIALIZED
                  200007f0    00000028     usb.obj (.data)
                  20000818    0000000c     rtsv7M4_T_le_v4SPD16_eabi.lib : memory.obj (.data)
                  20000824    0000000c     usblib.lib : usbtick.obj (.data)
                  20000830    00000009                : usbmode.obj (.data)
                  20000839    00000003     --HOLE--
                  2000083c    00000008     rtsv7M4_T_le_v4SPD16_eabi.lib : _lock.obj (.data)
                  20000844    00000008                                   : exit.obj (.data)
                  2000084c    00000008     usblib.lib : usbdenum.obj (.data)
                  20000854    00000004     rtsv7M4_T_le_v4SPD16_eabi.lib : stkdepth_vars.obj (.data)

.TI.persistent 
*          0    200007f0    00000000     UNINITIALIZED

.sysmem    0    20000858    00000008     UNINITIALIZED
                  20000858    00000008     rtsv7M4_T_le_v4SPD16_eabi.lib : memory.obj (.sysmem)


LINKER GENERATED COPY TABLES

__TI_cinit_table @ 00003a90 records: 2, size/record: 8, table size: 16
	.data: load addr=00003a20, load size=00000058 bytes, run addr=200007f0, run size=00000068 bytes, compression=rle
	.bss: load addr=00003a88, load size=00000008 bytes, run addr=20000000, run size=000005f0 bytes, compression=zero_init


LINKER GENERATED HANDLER TABLE

__TI_handler_table @ 00003a78 records: 3, size/record: 4, table size: 12
	index: 0, handler: __TI_decompress_rle24
	index: 1, handler: __TI_decompress_none
	index: 2, handler: __TI_zero_init


GLOBAL SYMBOLS: SORTED ALPHABETICALLY BY Name 

address   name                                              
-------   ----                                              
00002b89  C$$EXIT                                           
000034e3  CPUcpsid                                          
000034ef  CPUcpsie                                          
00002fb9  GPIODirModeSet                                    
000012c1  GPIOPadConfigSet                                  
0000299d  GPIOPinConfigure                                  
00003291  GPIOPinTypeGPIOOutput                             
000033c9  GPIOPinTypeUART                                   
000033db  GPIOPinTypeUSBAnalog                              
000035bd  GPIOPinWrite                                      
00002301  IntDisable                                        
00002369  IntEnable                                         
000023d1  IntIsEnabled                                      
00003435  IntMasterDisable                                  
00003445  IntMasterEnable                                   
00002c85  InternalUSBStartOfFrameTick                       
00002f01  InternalUSBTickInit                               
0000351f  ResetISR                                          
UNDEFED   SHT$$INIT_ARRAY$$Base                             
UNDEFED   SHT$$INIT_ARRAY$$Limit                            
000013f5  SysCtlClockSet                                    
000035c3  SysCtlDelay                                       
00003209  SysCtlGPIOAHBEnable                               
00002d9d  SysCtlPeripheralEnable                            
00002cbd  SysCtlPeripheralPresent                           
00002601  SysCtlPeripheralReset                             
00003351  SysCtlUSBPLLEnable                                
00003473  UARTCharPutNonBlocking                            
000035c9  UARTClockSourceSet                                
00002a75  UARTConfigSetExpClk                               
000031ad  UARTDisable                                       
00003365  UARTEnable                                        
000035cf  UARTFIFOLevelSet                                  
000035f7  UARTIntClear                                      
0000352b  UARTIntDisable                                    
00003585  UARTIntEnable                                     
00003535  UARTIntStatus                                     
0000026d  UARTInterruptHdl                                  
00003481  UARTSpaceAvail                                    
000025ad  ULPIConfigSet                                     
000032a9  USB0DeviceIntHandler                              
0000353f  USBClockEnable                                    
00003549  USBControllerVersion                              
00002651  USBDCDConfigDescGet                               
00002fe3  USBDCDConfigDescGetNum                            
0000325d  USBDCDConfigDescGetSize                           
00003225  USBDCDConfigGetInterface                          
00002cf5  USBDCDConfigGetInterfaceEndpoint                  
00002b01  USBDCDDeviceInfoInit                              
00000d89  USBDCDInit                                        
00003241  USBDCDStallEP0                                    
00003553  USBDMAChannelAddressSet                           
00003379  USBDMAChannelConfigSet                            
0000355d  USBDMAChannelCountSet                             
000033ed  USBDMAChannelDisable                              
000033ff  USBDMAChannelEnable                               
00003411  USBDMAChannelIntDisable                           
00003423  USBDMAChannelIntEnable                            
000035d5  USBDMAChannelIntStatus                            
0000348f  USBDMAChannelStatus                               
00002f61  USBDescGet                                        
0000300d  USBDescGetNum                                     
000035fb  USBDevAddrSet                                     
00003567  USBDevConnect                                     
00003571  USBDevDisconnect                                  
00001e95  USBDevEndpointConfigSet                           
00003037  USBDevEndpointDataAck                             
00002e6b  USBDevEndpointStall                               
00002907  USBDevEndpointStallClear                          
000024f9  USBDevEndpointStatusClear                         
000035db  USBDevLPMConfig                                   
0000349d  USBDevLPMDisable                                  
000034ab  USBDevLPMEnable                                   
0000358d  USBDevMode                                        
00001179  USBDeviceConfig                                   
00001c81  USBDeviceConfigAlternate                          
000017a9  USBDeviceEnumHandler                              
000029e5  USBDeviceEnumResetHandler                         
00001029  USBDeviceIntHandlerInternal                       
000026a1  USBDeviceResumeTickHandler                        
00003277  USBEndpointDMAChannel                             
000027d9  USBEndpointDMAConfigSet                           
000030d9  USBEndpointDMADisable                             
000030fd  USBEndpointDMAEnable                              
00002abb  USBEndpointDataGet                                
00002d65  USBEndpointDataPut                                
00002dd1  USBEndpointDataSend                               
000034fb  USBEndpointPacketCountSet                         
00003455  USBEndpointStatus                                 
00003595  USBFIFOAddrGet                                    
00002c49  USBFIFOConfigSet                                  
0000338d  USBHostResume                                     
00003089  USBIntEnableControl                               
00003339  USBIntEnableEndpoint                              
00002d2d  USBIntStatusControl                               
0000357b  USBIntStatusEndpoint                              
000015dd  USBInterruptHdl                                   
00003507  USBLPMIntEnable                                   
000035e1  USBLPMIntStatus                                   
00000c29  USBLibDMAInit                                     
0000359d  USBOTGMode                                        
00003121  USBStackModeSet                                   
000034b9  USBULPIDisable                                    
000034c7  USBULPIEnable                                     
000031cd  USBULPIRegRead                                    
000031eb  USBULPIRegWrite                                   
000019f1  _ZN10__cxxabiv116__enum_type_infoD0Ev             
000019ef  _ZN10__cxxabiv116__enum_type_infoD1Ev             
000019ef  _ZN10__cxxabiv116__enum_type_infoD2Ev             
000019e7  _ZN10__cxxabiv117__array_type_infoD0Ev            
000019e5  _ZN10__cxxabiv117__array_type_infoD1Ev            
000019e5  _ZN10__cxxabiv117__array_type_infoD2Ev            
000019dd  _ZN10__cxxabiv117__class_type_infoD0Ev            
000019db  _ZN10__cxxabiv117__class_type_infoD1Ev            
000019db  _ZN10__cxxabiv117__class_type_infoD2Ev            
000019d3  _ZN10__cxxabiv117__pbase_type_infoD0Ev            
000019d1  _ZN10__cxxabiv117__pbase_type_infoD1Ev            
000019d1  _ZN10__cxxabiv117__pbase_type_infoD2Ev            
000019c9  _ZN10__cxxabiv119__pointer_type_infoD0Ev          
000019c7  _ZN10__cxxabiv119__pointer_type_infoD1Ev          
000019c7  _ZN10__cxxabiv119__pointer_type_infoD2Ev          
000019bf  _ZN10__cxxabiv120__function_type_infoD0Ev         
000019bd  _ZN10__cxxabiv120__function_type_infoD1Ev         
000019bd  _ZN10__cxxabiv120__function_type_infoD2Ev         
000019b5  _ZN10__cxxabiv120__si_class_type_infoD0Ev         
000019b3  _ZN10__cxxabiv120__si_class_type_infoD1Ev         
000019b3  _ZN10__cxxabiv120__si_class_type_infoD2Ev         
000019ab  _ZN10__cxxabiv121__vmi_class_type_infoD0Ev        
000019a9  _ZN10__cxxabiv121__vmi_class_type_infoD1Ev        
000019a9  _ZN10__cxxabiv121__vmi_class_type_infoD2Ev        
000019a1  _ZN10__cxxabiv123__fundamental_type_infoD0Ev      
0000199f  _ZN10__cxxabiv123__fundamental_type_infoD1Ev      
0000199f  _ZN10__cxxabiv123__fundamental_type_infoD2Ev      
00001997  _ZN10__cxxabiv129__pointer_to_member_type_infoD0Ev
00001995  _ZN10__cxxabiv129__pointer_to_member_type_infoD1Ev
00001995  _ZN10__cxxabiv129__pointer_to_member_type_infoD2Ev
200007f4  _ZN4lphw12g_psSectionsE                           
20000804  _ZN4lphw14g_XbDeviceInfoE                         
0000164b  _ZN4lphw3Usb18vRequestIntHandlerEPvP11tUSBRequest 
00001619  _ZN4lphw3Usb4initEv                               
200007f0  _ZN4lphw3Usb7u8ValueE                             
00001675  _ZN4lphw3Usb9get_valueEv                          
000015e5  _ZN4lphw3UsbC1Ev                                  
000015e5  _ZN4lphw3UsbC2Ev                                  
00001603  _ZN4lphw3UsbD0Ev                                  
000015f7  _ZN4lphw3UsbD1Ev                                  
000015f7  _ZN4lphw3UsbD2Ev                                  
00000341  _ZN4lphw4Uart10init_stdioEv                       
20000000  _ZN4lphw4Uart13m_pu8TxBufferE                     
200005d0  _ZN4lphw4Uart13m_u8RxReadIdxE                     
200005d4  _ZN4lphw4Uart13m_u8TxReadIdxE                     
00000419  _ZN4lphw4Uart14is_buffer_fullEPVjS2_j             
200005d8  _ZN4lphw4Uart14m_u8RxWriteIdxE                    
200005dc  _ZN4lphw4Uart14m_u8TxWriteIdxE                    
000003cb  _ZN4lphw4Uart14prime_transmitEj                   
0000044d  _ZN4lphw4Uart15is_buffer_emptyEPVjS2_             
0000030d  _ZN4lphw4Uart19stdio_interrupt_hdlEv              
000002a9  _ZN4lphw4Uart4initEv                              
00000473  _ZN4lphw4Uart5writeEPKcj                          
000002e9  _ZN4lphw4Uart6printfEPKcz                         
00000541  _ZN4lphw4Uart7vprintfEPKcSt9__va_list             
000003ad  _ZN4lphw4Uart8flush_rxEv                          
0000038f  _ZN4lphw4Uart8flush_txEv                          
00000275  _ZN4lphw4UartC1Ev                                 
00000275  _ZN4lphw4UartC2Ev                                 
00000293  _ZN4lphw4UartD0Ev                                 
00000287  _ZN4lphw4UartD1Ev                                 
00000287  _ZN4lphw4UartD2Ev                                 
00001957  _ZNKSt9type_info4nameEv                           
00001987  _ZNKSt9type_info6beforeERKS_                      
00001971  _ZNKSt9type_infoeqERKS_                           
0000195b  _ZNKSt9type_infoneERKS_                           
0000194f  _ZNSt9type_infoD0Ev                               
0000194d  _ZNSt9type_infoD1Ev                               
0000194d  _ZNSt9type_infoD2Ev                               
200005e0  _ZSt16__dummy_typeinfo                            
00001945  _ZSt21__gen_dummy_typeinfosv                      
000039b0  _ZTIN10__cxxabiv117__class_type_infoE             
000039bc  _ZTIN10__cxxabiv117__pbase_type_infoE             
000039c8  _ZTIN10__cxxabiv119__pointer_type_infoE           
000039d4  _ZTIN10__cxxabiv120__si_class_type_infoE          
000039e0  _ZTIN10__cxxabiv123__fundamental_type_infoE       
000039f8  _ZTIN4lphw3UsbE                                   
00003a00  _ZTIN4lphw4UartE                                  
00003924  _ZTIPKe                                           
00003a08  _ZTISt9type_info                                  
00003a10  _ZTIe                                             
000038c9  _ZTSN10__cxxabiv117__class_type_infoE             
000038eb  _ZTSN10__cxxabiv117__pbase_type_infoE             
000038a5  _ZTSN10__cxxabiv119__pointer_type_infoE           
00003880  _ZTSN10__cxxabiv120__si_class_type_infoE          
00003858  _ZTSN10__cxxabiv123__fundamental_type_infoE       
000039ec  _ZTSN4lphw3UsbE                                   
00003994  _ZTSN4lphw4UartE                                  
00003a18  _ZTSPKe                                           
000039a1  _ZTSSt9type_info                                  
0000390d  _ZTSe                                             
00003934  _ZTVN10__cxxabiv117__class_type_infoE             
00003944  _ZTVN10__cxxabiv119__pointer_type_infoE           
00003954  _ZTVN10__cxxabiv120__si_class_type_infoE          
00003964  _ZTVN10__cxxabiv123__fundamental_type_infoE       
00003974  _ZTVN4lphw3UsbE                                   
00003984  _ZTVN4lphw4UartE                                  
000035b5  _ZdlPv                                            
200007f0  __STACK_END                                       
00000200  __STACK_SIZE                                      
200007f0  __STACK_TOP                                       
00000008  __SYSMEM_SIZE                                     
00003a90  __TI_CINIT_Base                                   
00003aa0  __TI_CINIT_Limit                                  
00003a78  __TI_Handler_Table_Base                           
00003a84  __TI_Handler_Table_Limit                          
00002229  __TI_auto_init                                    
20000844  __TI_cleanup_ptr                                  
000034d5  __TI_decompress_none                              
000035e7  __TI_decompress_rle24                             
20000848  __TI_dtors_ptr                                    
00000000  __TI_static_base__                                
00003513  __TI_zero_init                                    
000025ff  __aeabi_idiv0                                     
00001f0f  __aeabi_memclr                                    
00001f0f  __aeabi_memclr4                                   
00001f0f  __aeabi_memclr8                                   
00001abd  __aeabi_memcpy                                    
00001abd  __aeabi_memcpy4                                   
00001abd  __aeabi_memcpy8                                   
00001f11  __aeabi_memset                                    
00001f11  __aeabi_memset4                                   
00001f11  __aeabi_memset8                                   
00002bcd  __aeabi_uidiv                                     
00002bcd  __aeabi_uidivmod                                  
ffffffff  __binit__                                         
ffffffff  __c_args__                                        
200005f0  __stack                                           
000032f1  _args_main                                        
000026f1  _c_int00                                          
2000083c  _lock                                             
000033c3  _nop                                              
000033bb  _register_lock                                    
000033b5  _register_unlock                                  
20000858  _sys_memory                                       
000035ff  _system_pre_init                                  
20000840  _unlock                                           
00002b8d  abort                                             
ffffffff  binit                                             
00000bf5  calloc                                            
00002871  copy_in                                           
00002b95  exit                                              
00000943  free                                              
20000824  g_bUSBTimerInitialized                            
20000830  g_iUSBMode                                        
200005a0  g_pfnTickHandlers                                 
00000000  g_pfnVectors                                      
200005e8  g_ppsDevInfo                                      
20000510  g_psDCDInst                                       
200005b8  g_pvTickInstance                                  
20000828  g_ui32CurrentUSBTick                              
2000082c  g_ui32USBSOFCount                                 
20000834  g_ui32WaitTicks                                   
000021bd  main                                              
20000854  main_func_sp                                      
000008db  malloc                                            
00000b11  memalign                                          
00001abd  memcpy                                            
00001f17  memset                                            
0000084d  minit                                             
00000a05  realloc                                           
00002a2d  uDMAChannelAttributeDisable                       
00003145  uDMAChannelControlSet                             
00003309  uDMAChannelDisable                                
00003321  uDMAChannelEnable                                 
000030b1  uDMAChannelModeGet                                
00001d91  uDMAChannelTransferSet                            


GLOBAL SYMBOLS: SORTED BY Symbol Address 

address   name                                              
-------   ----                                              
00000000  __TI_static_base__                                
00000000  g_pfnVectors                                      
00000008  __SYSMEM_SIZE                                     
00000200  __STACK_SIZE                                      
0000026d  UARTInterruptHdl                                  
00000275  _ZN4lphw4UartC1Ev                                 
00000275  _ZN4lphw4UartC2Ev                                 
00000287  _ZN4lphw4UartD1Ev                                 
00000287  _ZN4lphw4UartD2Ev                                 
00000293  _ZN4lphw4UartD0Ev                                 
000002a9  _ZN4lphw4Uart4initEv                              
000002e9  _ZN4lphw4Uart6printfEPKcz                         
0000030d  _ZN4lphw4Uart19stdio_interrupt_hdlEv              
00000341  _ZN4lphw4Uart10init_stdioEv                       
0000038f  _ZN4lphw4Uart8flush_txEv                          
000003ad  _ZN4lphw4Uart8flush_rxEv                          
000003cb  _ZN4lphw4Uart14prime_transmitEj                   
00000419  _ZN4lphw4Uart14is_buffer_fullEPVjS2_j             
0000044d  _ZN4lphw4Uart15is_buffer_emptyEPVjS2_             
00000473  _ZN4lphw4Uart5writeEPKcj                          
00000541  _ZN4lphw4Uart7vprintfEPKcSt9__va_list             
0000084d  minit                                             
000008db  malloc                                            
00000943  free                                              
00000a05  realloc                                           
00000b11  memalign                                          
00000bf5  calloc                                            
00000c29  USBLibDMAInit                                     
00000d89  USBDCDInit                                        
00001029  USBDeviceIntHandlerInternal                       
00001179  USBDeviceConfig                                   
000012c1  GPIOPadConfigSet                                  
000013f5  SysCtlClockSet                                    
000015dd  USBInterruptHdl                                   
000015e5  _ZN4lphw3UsbC1Ev                                  
000015e5  _ZN4lphw3UsbC2Ev                                  
000015f7  _ZN4lphw3UsbD1Ev                                  
000015f7  _ZN4lphw3UsbD2Ev                                  
00001603  _ZN4lphw3UsbD0Ev                                  
00001619  _ZN4lphw3Usb4initEv                               
0000164b  _ZN4lphw3Usb18vRequestIntHandlerEPvP11tUSBRequest 
00001675  _ZN4lphw3Usb9get_valueEv                          
000017a9  USBDeviceEnumHandler                              
00001945  _ZSt21__gen_dummy_typeinfosv                      
0000194d  _ZNSt9type_infoD1Ev                               
0000194d  _ZNSt9type_infoD2Ev                               
0000194f  _ZNSt9type_infoD0Ev                               
00001957  _ZNKSt9type_info4nameEv                           
0000195b  _ZNKSt9type_infoneERKS_                           
00001971  _ZNKSt9type_infoeqERKS_                           
00001987  _ZNKSt9type_info6beforeERKS_                      
00001995  _ZN10__cxxabiv129__pointer_to_member_type_infoD1Ev
00001995  _ZN10__cxxabiv129__pointer_to_member_type_infoD2Ev
00001997  _ZN10__cxxabiv129__pointer_to_member_type_infoD0Ev
0000199f  _ZN10__cxxabiv123__fundamental_type_infoD1Ev      
0000199f  _ZN10__cxxabiv123__fundamental_type_infoD2Ev      
000019a1  _ZN10__cxxabiv123__fundamental_type_infoD0Ev      
000019a9  _ZN10__cxxabiv121__vmi_class_type_infoD1Ev        
000019a9  _ZN10__cxxabiv121__vmi_class_type_infoD2Ev        
000019ab  _ZN10__cxxabiv121__vmi_class_type_infoD0Ev        
000019b3  _ZN10__cxxabiv120__si_class_type_infoD1Ev         
000019b3  _ZN10__cxxabiv120__si_class_type_infoD2Ev         
000019b5  _ZN10__cxxabiv120__si_class_type_infoD0Ev         
000019bd  _ZN10__cxxabiv120__function_type_infoD1Ev         
000019bd  _ZN10__cxxabiv120__function_type_infoD2Ev         
000019bf  _ZN10__cxxabiv120__function_type_infoD0Ev         
000019c7  _ZN10__cxxabiv119__pointer_type_infoD1Ev          
000019c7  _ZN10__cxxabiv119__pointer_type_infoD2Ev          
000019c9  _ZN10__cxxabiv119__pointer_type_infoD0Ev          
000019d1  _ZN10__cxxabiv117__pbase_type_infoD1Ev            
000019d1  _ZN10__cxxabiv117__pbase_type_infoD2Ev            
000019d3  _ZN10__cxxabiv117__pbase_type_infoD0Ev            
000019db  _ZN10__cxxabiv117__class_type_infoD1Ev            
000019db  _ZN10__cxxabiv117__class_type_infoD2Ev            
000019dd  _ZN10__cxxabiv117__class_type_infoD0Ev            
000019e5  _ZN10__cxxabiv117__array_type_infoD1Ev            
000019e5  _ZN10__cxxabiv117__array_type_infoD2Ev            
000019e7  _ZN10__cxxabiv117__array_type_infoD0Ev            
000019ef  _ZN10__cxxabiv116__enum_type_infoD1Ev             
000019ef  _ZN10__cxxabiv116__enum_type_infoD2Ev             
000019f1  _ZN10__cxxabiv116__enum_type_infoD0Ev             
00001abd  __aeabi_memcpy                                    
00001abd  __aeabi_memcpy4                                   
00001abd  __aeabi_memcpy8                                   
00001abd  memcpy                                            
00001c81  USBDeviceConfigAlternate                          
00001d91  uDMAChannelTransferSet                            
00001e95  USBDevEndpointConfigSet                           
00001f0f  __aeabi_memclr                                    
00001f0f  __aeabi_memclr4                                   
00001f0f  __aeabi_memclr8                                   
00001f11  __aeabi_memset                                    
00001f11  __aeabi_memset4                                   
00001f11  __aeabi_memset8                                   
00001f17  memset                                            
000021bd  main                                              
00002229  __TI_auto_init                                    
00002301  IntDisable                                        
00002369  IntEnable                                         
000023d1  IntIsEnabled                                      
000024f9  USBDevEndpointStatusClear                         
000025ad  ULPIConfigSet                                     
000025ff  __aeabi_idiv0                                     
00002601  SysCtlPeripheralReset                             
00002651  USBDCDConfigDescGet                               
000026a1  USBDeviceResumeTickHandler                        
000026f1  _c_int00                                          
000027d9  USBEndpointDMAConfigSet                           
00002871  copy_in                                           
00002907  USBDevEndpointStallClear                          
0000299d  GPIOPinConfigure                                  
000029e5  USBDeviceEnumResetHandler                         
00002a2d  uDMAChannelAttributeDisable                       
00002a75  UARTConfigSetExpClk                               
00002abb  USBEndpointDataGet                                
00002b01  USBDCDDeviceInfoInit                              
00002b89  C$$EXIT                                           
00002b8d  abort                                             
00002b95  exit                                              
00002bcd  __aeabi_uidiv                                     
00002bcd  __aeabi_uidivmod                                  
00002c49  USBFIFOConfigSet                                  
00002c85  InternalUSBStartOfFrameTick                       
00002cbd  SysCtlPeripheralPresent                           
00002cf5  USBDCDConfigGetInterfaceEndpoint                  
00002d2d  USBIntStatusControl                               
00002d65  USBEndpointDataPut                                
00002d9d  SysCtlPeripheralEnable                            
00002dd1  USBEndpointDataSend                               
00002e6b  USBDevEndpointStall                               
00002f01  InternalUSBTickInit                               
00002f61  USBDescGet                                        
00002fb9  GPIODirModeSet                                    
00002fe3  USBDCDConfigDescGetNum                            
0000300d  USBDescGetNum                                     
00003037  USBDevEndpointDataAck                             
00003089  USBIntEnableControl                               
000030b1  uDMAChannelModeGet                                
000030d9  USBEndpointDMADisable                             
000030fd  USBEndpointDMAEnable                              
00003121  USBStackModeSet                                   
00003145  uDMAChannelControlSet                             
000031ad  UARTDisable                                       
000031cd  USBULPIRegRead                                    
000031eb  USBULPIRegWrite                                   
00003209  SysCtlGPIOAHBEnable                               
00003225  USBDCDConfigGetInterface                          
00003241  USBDCDStallEP0                                    
0000325d  USBDCDConfigDescGetSize                           
00003277  USBEndpointDMAChannel                             
00003291  GPIOPinTypeGPIOOutput                             
000032a9  USB0DeviceIntHandler                              
000032f1  _args_main                                        
00003309  uDMAChannelDisable                                
00003321  uDMAChannelEnable                                 
00003339  USBIntEnableEndpoint                              
00003351  SysCtlUSBPLLEnable                                
00003365  UARTEnable                                        
00003379  USBDMAChannelConfigSet                            
0000338d  USBHostResume                                     
000033b5  _register_unlock                                  
000033bb  _register_lock                                    
000033c3  _nop                                              
000033c9  GPIOPinTypeUART                                   
000033db  GPIOPinTypeUSBAnalog                              
000033ed  USBDMAChannelDisable                              
000033ff  USBDMAChannelEnable                               
00003411  USBDMAChannelIntDisable                           
00003423  USBDMAChannelIntEnable                            
00003435  IntMasterDisable                                  
00003445  IntMasterEnable                                   
00003455  USBEndpointStatus                                 
00003473  UARTCharPutNonBlocking                            
00003481  UARTSpaceAvail                                    
0000348f  USBDMAChannelStatus                               
0000349d  USBDevLPMDisable                                  
000034ab  USBDevLPMEnable                                   
000034b9  USBULPIDisable                                    
000034c7  USBULPIEnable                                     
000034d5  __TI_decompress_none                              
000034e3  CPUcpsid                                          
000034ef  CPUcpsie                                          
000034fb  USBEndpointPacketCountSet                         
00003507  USBLPMIntEnable                                   
00003513  __TI_zero_init                                    
0000351f  ResetISR                                          
0000352b  UARTIntDisable                                    
00003535  UARTIntStatus                                     
0000353f  USBClockEnable                                    
00003549  USBControllerVersion                              
00003553  USBDMAChannelAddressSet                           
0000355d  USBDMAChannelCountSet                             
00003567  USBDevConnect                                     
00003571  USBDevDisconnect                                  
0000357b  USBIntStatusEndpoint                              
00003585  UARTIntEnable                                     
0000358d  USBDevMode                                        
00003595  USBFIFOAddrGet                                    
0000359d  USBOTGMode                                        
000035b5  _ZdlPv                                            
000035bd  GPIOPinWrite                                      
000035c3  SysCtlDelay                                       
000035c9  UARTClockSourceSet                                
000035cf  UARTFIFOLevelSet                                  
000035d5  USBDMAChannelIntStatus                            
000035db  USBDevLPMConfig                                   
000035e1  USBLPMIntStatus                                   
000035e7  __TI_decompress_rle24                             
000035f7  UARTIntClear                                      
000035fb  USBDevAddrSet                                     
000035ff  _system_pre_init                                  
00003858  _ZTSN10__cxxabiv123__fundamental_type_infoE       
00003880  _ZTSN10__cxxabiv120__si_class_type_infoE          
000038a5  _ZTSN10__cxxabiv119__pointer_type_infoE           
000038c9  _ZTSN10__cxxabiv117__class_type_infoE             
000038eb  _ZTSN10__cxxabiv117__pbase_type_infoE             
0000390d  _ZTSe                                             
00003924  _ZTIPKe                                           
00003934  _ZTVN10__cxxabiv117__class_type_infoE             
00003944  _ZTVN10__cxxabiv119__pointer_type_infoE           
00003954  _ZTVN10__cxxabiv120__si_class_type_infoE          
00003964  _ZTVN10__cxxabiv123__fundamental_type_infoE       
00003974  _ZTVN4lphw3UsbE                                   
00003984  _ZTVN4lphw4UartE                                  
00003994  _ZTSN4lphw4UartE                                  
000039a1  _ZTSSt9type_info                                  
000039b0  _ZTIN10__cxxabiv117__class_type_infoE             
000039bc  _ZTIN10__cxxabiv117__pbase_type_infoE             
000039c8  _ZTIN10__cxxabiv119__pointer_type_infoE           
000039d4  _ZTIN10__cxxabiv120__si_class_type_infoE          
000039e0  _ZTIN10__cxxabiv123__fundamental_type_infoE       
000039ec  _ZTSN4lphw3UsbE                                   
000039f8  _ZTIN4lphw3UsbE                                   
00003a00  _ZTIN4lphw4UartE                                  
00003a08  _ZTISt9type_info                                  
00003a10  _ZTIe                                             
00003a18  _ZTSPKe                                           
00003a78  __TI_Handler_Table_Base                           
00003a84  __TI_Handler_Table_Limit                          
00003a90  __TI_CINIT_Base                                   
00003aa0  __TI_CINIT_Limit                                  
20000000  _ZN4lphw4Uart13m_pu8TxBufferE                     
20000510  g_psDCDInst                                       
200005a0  g_pfnTickHandlers                                 
200005b8  g_pvTickInstance                                  
200005d0  _ZN4lphw4Uart13m_u8RxReadIdxE                     
200005d4  _ZN4lphw4Uart13m_u8TxReadIdxE                     
200005d8  _ZN4lphw4Uart14m_u8RxWriteIdxE                    
200005dc  _ZN4lphw4Uart14m_u8TxWriteIdxE                    
200005e0  _ZSt16__dummy_typeinfo                            
200005e8  g_ppsDevInfo                                      
200005f0  __stack                                           
200007f0  _ZN4lphw3Usb7u8ValueE                             
200007f0  __STACK_END                                       
200007f0  __STACK_TOP                                       
200007f4  _ZN4lphw12g_psSectionsE                           
20000804  _ZN4lphw14g_XbDeviceInfoE                         
20000824  g_bUSBTimerInitialized                            
20000828  g_ui32CurrentUSBTick                              
2000082c  g_ui32USBSOFCount                                 
20000830  g_iUSBMode                                        
20000834  g_ui32WaitTicks                                   
2000083c  _lock                                             
20000840  _unlock                                           
20000844  __TI_cleanup_ptr                                  
20000848  __TI_dtors_ptr                                    
20000854  main_func_sp                                      
20000858  _sys_memory                                       
ffffffff  __binit__                                         
ffffffff  __c_args__                                        
ffffffff  binit                                             
UNDEFED   SHT$$INIT_ARRAY$$Base                             
UNDEFED   SHT$$INIT_ARRAY$$Limit                            

[273 symbols]
